../Core/Src/driver_llcc68_lora.c:48:9:llcc68_lora_irq_handler	8	static
../Core/Src/driver_llcc68_lora.c:68:9:llcc68_lora_init	40	static
../Core/Src/driver_llcc68_lora.c:342:9:llcc68_lora_deinit	8	static
../Core/Src/driver_llcc68_lora.c:361:9:llcc68_lora_sleep	8	static
../Core/Src/driver_llcc68_lora.c:380:9:llcc68_lora_wake_up	16	static
../Core/Src/driver_llcc68_lora.c:401:9:llcc68_lora_set_continuous_receive_mode	24	static
../Core/Src/driver_llcc68_lora.c:461:9:llcc68_lora_set_shot_receive_mode	32	static
../Core/Src/driver_llcc68_lora.c:521:9:llcc68_lora_set_sent_mode	16	static
../Core/Src/driver_llcc68_lora.c:549:9:llcc68_lora_sent	40	static
../Core/Src/driver_llcc68_lora.c:571:9:llcc68_lora_run_cad	24	static
../Core/Src/driver_llcc68_lora.c:599:9:llcc68_lora_get_status	40	static
../Core/Src/driver_llcc68_lora.c:624:9:llcc68_lora_check_packet_error	16	static
