../Core/Src/spi.c:50:16:a_spi_cs_init	32	static
../Core/Src/spi.c:75:9:spi_init	16	static
../Core/Src/spi.c:126:9:spi_deinit	8	static
../Core/Src/spi.c:149:9:spi_write_cmd	24	static
../Core/Src/spi.c:186:9:spi_write	24	static
../Core/Src/spi.c:235:9:spi_write_address16	24	static
../Core/Src/spi.c:284:9:spi_read_cmd	24	static
../Core/Src/spi.c:321:9:spi_read	24	static
../Core/Src/spi.c:370:9:spi_read_address16	24	static
../Core/Src/spi.c:420:9:spi_transmit	40	static
../Core/Src/spi.c:458:9:spi_write_read	32	static
